[browser] Uncaught Error: Internal Next.js error: Router action dispatched before initialization.
    at dispatchAppRouterAction (file://D:/Medoc Health/Benchamrking-Radiology-main/.next/dev/static/chunks/node_modules_next_dist_client_0fhqo1d._.js:916:37)
    at <unknown> (file://D:/Medoc Health/Benchamrking-Radiology-main/.next/dev/static/chunks/node_modules_next_dist_client_0fhqo1d._.js:11800:61)
    at startTransition (file://D:/Medoc Health/Benchamrking-Radiology-main/.next/dev/static/chunks/node_modules_next_dist_compiled_0rpq4pf._.js:1279:31)
    at Object.hmrRefresh (file://D:/Medoc Health/Benchamrking-Radiology-main/.next/dev/static/chunks/node_modules_next_dist_client_0fhqo1d._.js:11799:40)
    at <unknown> (file://D:/Medoc Health/Benchamrking-Radiology-main/.next/dev/static/chunks/node_modules_next_dist_client_0fhqo1d._.js:13967:64)
    at startTransition (file://D:/Medoc Health/Benchamrking-Radiology-main/.next/dev/static/chunks/node_modules_next_dist_compiled_0rpq4pf._.js:1279:31)
    at processMessage (file://D:/Medoc Health/Benchamrking-Radiology-main/.next/dev/static/chunks/node_modules_next_dist_client_0fhqo1d._.js:13966:44)
    at WebSocket.handleMessage (file://D:/Medoc Health/Benchamrking-Radiology-main/.next/dev/static/chunks/node_modules_next_dist_client_0fhqo1d._.js:13335:52)
[browser] Uncaught Error: Internal Next.js error: Router action dispatched before initialization.
    at dispatchAppRouterAction (file://D:/Medoc Health/Benchamrking-Radiology-main/.next/dev/static/chunks/node_modules_next_dist_client_0fhqo1d._.js:916:37)
    at <unknown> (file://D:/Medoc Health/Benchamrking-Radiology-main/.next/dev/static/chunks/node_modules_next_dist_client_0fhqo1d._.js:11800:61)
    at startTransition (file://D:/Medoc Health/Benchamrking-Radiology-main/.next/dev/static/chunks/node_modules_next_dist_compiled_0rpq4pf._.js:1279:31)
    at Object.hmrRefresh (file://D:/Medoc Health/Benchamrking-Radiology-main/.next/dev/static/chunks/node_modules_next_dist_client_0fhqo1d._.js:11799:40)
    at <unknown> (file://D:/Medoc Health/Benchamrking-Radiology-main/.next/dev/static/chunks/node_modules_next_dist_client_0fhqo1d._.js:13967:64)
    at startTransition (file://D:/Medoc Health/Benchamrking-Radiology-main/.next/dev/static/chunks/node_modules_next_dist_compiled_0rpq4pf._.js:1279:31)
    at processMessage (file://D:/Medoc Health/Benchamrking-Radiology-main/.next/dev/static/chunks/node_modules_next_dist_client_0fhqo1d._.js:13966:44)
    at WebSocket.handleMessage (file://D:/Medoc Health/Benchamrking-Radiology-main/.next/dev/static/chunks/node_modules_next_dist_client_0fhqo1d._.js:13335:52)
[browser] Uncaught Error: Internal Next.js error: Router action dispatched before initialization.
    at dispatchAppRouterAction (file://D:/Medoc Health/Benchamrking-Radiology-main/.next/dev/static/chunks/node_modules_next_dist_client_0fhqo1d._.js:916:37)
    at <unknown> (file://D:/Medoc Health/Benchamrking-Radiology-main/.next/dev/static/chunks/node_modules_next_dist_client_0fhqo1d._.js:11800:61)
    at startTransition (file://D:/Medoc Health/Benchamrking-Radiology-main/.next/dev/static/chunks/node_modules_next_dist_compiled_0rpq4pf._.js:1279:31)
    at Object.hmrRefresh (file://D:/Medoc Health/Benchamrking-Radiology-main/.next/dev/static/chunks/node_modules_next_dist_client_0fhqo1d._.js:11799:40)
    at <unknown> (file://D:/Medoc Health/Benchamrking-Radiology-main/.next/dev/static/chunks/node_modules_next_dist_client_0fhqo1d._.js:13967:64)
    at startTransition (file://D:/Medoc Health/Benchamrking-Radiology-main/.next/dev/static/chunks/node_modules_next_dist_compiled_0rpq4pf._.js:1279:31)
    at processMessage (file://D:/Medoc Health/Benchamrking-Radiology-main/.next/dev/static/chunks/node_modules_next_dist_client_0fhqo1d._.js:13966:44)
    at WebSocket.handleMessage (file://D:/Medoc Health/Benchamrking-Radiology-main/.next/dev/static/chunks/node_modules_next_dist_client_0fhqo1d._.js:13335:52)
[browser] Uncaught Error: Internal Next.js error: Router action dispatched before initialization.
    at dispatchAppRouterAction (file://D:/Medoc Health/Benchamrking-Radiology-main/.next/dev/static/chunks/node_modules_next_dist_client_0fhqo1d._.js:916:37)
    at <unknown> (file://D:/Medoc Health/Benchamrking-Radiology-main/.next/dev/static/chunks/node_modules_next_dist_client_0fhqo1d._.js:11800:61)
    at startTransition (file://D:/Medoc Health/Benchamrking-Radiology-main/.next/dev/static/chunks/node_modules_next_dist_compiled_0rpq4pf._.js:1279:31)
    at Object.hmrRefresh (file://D:/Medoc Health/Benchamrking-Radiology-main/.next/dev/static/chunks/node_modules_next_dist_client_0fhqo1d._.js:11799:40)
    at <unknown> (file://D:/Medoc Health/Benchamrking-Radiology-main/.next/dev/static/chunks/node_modules_next_dist_client_0fhqo1d._.js:13967:64)
    at startTransition (file://D:/Medoc Health/Benchamrking-Radiology-main/.next/dev/static/chunks/node_modules_next_dist_compiled_0rpq4pf._.js:1279:31)
    at processMessage (file://D:/Medoc Health/Benchamrking-Radiology-main/.next/dev/static/chunks/node_modules_next_dist_client_0fhqo1d._.js:13966:44)
    at WebSocket.handleMessage (file://D:/Medoc Health/Benchamrking-Radiology-main/.next/dev/static/chunks/node_modules_next_dist_client_0fhqo1d._.js:13335:52)
[browser] Uncaught Error: Internal Next.js error: Router action dispatched before initialization.
    at dispatchAppRouterAction (file://D:/Medoc Health/Benchamrking-Radiology-main/.next/dev/static/chunks/node_modules_next_dist_client_0fhqo1d._.js:916:37)
    at <unknown> (file://D:/Medoc Health/Benchamrking-Radiology-main/.next/dev/static/chunks/node_modules_next_dist_client_0fhqo1d._.js:11800:61)
    at startTransition (file://D:/Medoc Health/Benchamrking-Radiology-main/.next/dev/static/chunks/node_modules_next_dist_compiled_0rpq4pf._.js:1279:31)
    at Object.hmrRefresh (file://D:/Medoc Health/Benchamrking-Radiology-main/.next/dev/static/chunks/node_modules_next_dist_client_0fhqo1d._.js:11799:40)
    at <unknown> (file://D:/Medoc Health/Benchamrking-Radiology-main/.next/dev/static/chunks/node_modules_next_dist_client_0fhqo1d._.js:13967:64)
    at startTransition (file://D:/Medoc Health/Benchamrking-Radiology-main/.next/dev/static/chunks/node_modules_next_dist_compiled_0rpq4pf._.js:1279:31)
    at processMessage (file://D:/Medoc Health/Benchamrking-Radiology-main/.next/dev/static/chunks/node_modules_next_dist_client_0fhqo1d._.js:13966:44)
    at WebSocket.handleMessage (file://D:/Medoc Health/Benchamrking-Radiology-main/.next/dev/static/chunks/node_modules_next_dist_client_0fhqo1d._.js:13335:52)
[browser] Uncaught Error: Internal Next.js error: Router action dispatched before initialization.
    at dispatchAppRouterAction (file://D:/Medoc Health/Benchamrking-Radiology-main/.next/dev/static/chunks/node_modules_next_dist_client_0fhqo1d._.js:916:37)
    at <unknown> (file://D:/Medoc Health/Benchamrking-Radiology-main/.next/dev/static/chunks/node_modules_next_dist_client_0fhqo1d._.js:11800:61)
    at startTransition (file://D:/Medoc Health/Benchamrking-Radiology-main/.next/dev/static/chunks/node_modules_next_dist_compiled_0rpq4pf._.js:1279:31)
    at Object.hmrRefresh (file://D:/Medoc Health/Benchamrking-Radiology-main/.next/dev/static/chunks/node_modules_next_dist_client_0fhqo1d._.js:11799:40)
    at <unknown> (file://D:/Medoc Health/Benchamrking-Radiology-main/.next/dev/static/chunks/node_modules_next_dist_client_0fhqo1d._.js:13967:64)
    at startTransition (file://D:/Medoc Health/Benchamrking-Radiology-main/.next/dev/static/chunks/node_modules_next_dist_compiled_0rpq4pf._.js:1279:31)
    at processMessage (file://D:/Medoc Health/Benchamrking-Radiology-main/.next/dev/static/chunks/node_modules_next_dist_client_0fhqo1d._.js:13966:44)
    at WebSocket.handleMessage (file://D:/Medoc Health/Benchamrking-Radiology-main/.next/dev/static/chunks/node_modules_next_dist_client_0fhqo1d._.js:13335:52)
[browser] Uncaught Error: Internal Next.js error: Router action dispatched before initialization.
    at dispatchAppRouterAction (file://D:/Medoc Health/Benchamrking-Radiology-main/.next/dev/static/chunks/node_modules_next_dist_client_0fhqo1d._.js:916:37)
    at <unknown> (file://D:/Medoc Health/Benchamrking-Radiology-main/.next/dev/static/chunks/node_modules_next_dist_client_0fhqo1d._.js:11800:61)
    at startTransition (file://D:/Medoc Health/Benchamrking-Radiology-main/.next/dev/static/chunks/node_modules_next_dist_compiled_0rpq4pf._.js:1279:31)
    at Object.hmrRefresh (file://D:/Medoc Health/Benchamrking-Radiology-main/.next/dev/static/chunks/node_modules_next_dist_client_0fhqo1d._.js:11799:40)
    at <unknown> (file://D:/Medoc Health/Benchamrking-Radiology-main/.next/dev/static/chunks/node_modules_next_dist_client_0fhqo1d._.js:13967:64)
    at startTransition (file://D:/Medoc Health/Benchamrking-Radiology-main/.next/dev/static/chunks/node_modules_next_dist_compiled_0rpq4pf._.js:1279:31)
    at processMessage (file://D:/Medoc Health/Benchamrking-Radiology-main/.next/dev/static/chunks/node_modules_next_dist_client_0fhqo1d._.js:13966:44)
    at WebSocket.handleMessage (file://D:/Medoc Health/Benchamrking-Radiology-main/.next/dev/static/chunks/node_modules_next_dist_client_0fhqo1d._.js:13335:52)
[browser] Uncaught Error: Internal Next.js error: Router action dispatched before initialization.
    at dispatchAppRouterAction (file://D:/Medoc Health/Benchamrking-Radiology-main/.next/dev/static/chunks/node_modules_next_dist_client_0fhqo1d._.js:916:37)
    at <unknown> (file://D:/Medoc Health/Benchamrking-Radiology-main/.next/dev/static/chunks/node_modules_next_dist_client_0fhqo1d._.js:11800:61)
    at startTransition (file://D:/Medoc Health/Benchamrking-Radiology-main/.next/dev/static/chunks/node_modules_next_dist_compiled_0rpq4pf._.js:1279:31)
    at Object.hmrRefresh (file://D:/Medoc Health/Benchamrking-Radiology-main/.next/dev/static/chunks/node_modules_next_dist_client_0fhqo1d._.js:11799:40)
    at <unknown> (file://D:/Medoc Health/Benchamrking-Radiology-main/.next/dev/static/chunks/node_modules_next_dist_client_0fhqo1d._.js:13967:64)
    at startTransition (file://D:/Medoc Health/Benchamrking-Radiology-main/.next/dev/static/chunks/node_modules_next_dist_compiled_0rpq4pf._.js:1279:31)
    at processMessage (file://D:/Medoc Health/Benchamrking-Radiology-main/.next/dev/static/chunks/node_modules_next_dist_client_0fhqo1d._.js:13966:44)
    at WebSocket.handleMessage (file://D:/Medoc Health/Benchamrking-Radiology-main/.next/dev/static/chunks/node_modules_next_dist_client_0fhqo1d._.js:13335:52)
[browser] [GSI_LOGGER]: google.accounts.id.initialize() is called multiple times. This could cause unexpected behavior and only the last initialized instance will be used. (file://D:/Medoc Health/Benchamrking-Radiology-main/.next/dev/static/chunks/node_modules_next_dist_115brz8._.js:2431:13)
[browser] [GSI_LOGGER]: google.accounts.id.initialize() is called multiple times. This could cause unexpected behavior and only the last initialized instance will be used. (file://D:/Medoc Health/Benchamrking-Radiology-main/.next/dev/static/chunks/node_modules_next_dist_115brz8._.js:2431:13)
[browser] [GSI_LOGGER]: google.accounts.id.initialize() is called multiple times. This could cause unexpected behavior and only the last initialized instance will be used. (file://D:/Medoc Health/Benchamrking-Radiology-main/.next/dev/static/chunks/node_modules_next_dist_115brz8._.js:2431:13)
[browser] [GSI_LOGGER]: google.accounts.id.initialize() is called multiple times. This could cause unexpected behavior and only the last initialized instance will be used. (file://D:/Medoc Health/Benchamrking-Radiology-main/.next/dev/static/chunks/node_modules_next_dist_115brz8._.js:2431:13)
